# Ada \*Lovelace\*

Build things carefully

- Portfolio: [https://example\.test/a b\(c\)](https://example.test/a%20b%28c%29)
- Email: ada@example\.test

## Experience & Projects

### Engineer \#1
[Analytical \<Engines\>](https://example.test/employer)
Mar 1843 – Present
First **bold** and *calm*\.

- One
- Two
  1. Nested

Plain \_profile\_

### Go
Level: 5/5
Fast & safe
